

Altar of the Tree of Knowledge
You have reached the altar of the Tree of Knowlege. The tree's branches rise up,
out of the deep ravine, towards the light; its roots have worked their way into
the living rock, and entagle the great stone altar.

> ask about animals
(I only understood you as far as wanting to ask someone about animals.)

> topics
You're not talking to anyone right now.

> 
